em@oem-ThinkPad-L14-Gen-2:~$ cd o-ran-e2/
oem@oem-ThinkPad-L14-Gen-2:~/o-ran-e2$ ./flexric/build/examples/ric/nearRT-RIC
Setting the config -c file to /usr/local/etc/flexric/flexric.conf
Setting path -p for the shared libraries to /usr/local/lib/flexric/
[NEAR-RIC]: nearRT-RIC IP Address = 127.0.0.1, PORT = 36421
[NEAR-RIC]: Initializing 
[NEAR-RIC]: Loading SM ID = 144 with def = PDCP_STATS_V0 
[NEAR-RIC]: Loading SM ID = 142 with def = MAC_STATS_V0 
[NEAR-RIC]: Loading SM ID = 147 with def = ORAN-E2SM-KPM 
[NEAR-RIC]: Loading SM ID = 146 with def = TC_STATS_V0 
[NEAR-RIC]: Loading SM ID = 148 with def = GTP_STATS_V0 
[NEAR-RIC]: Loading SM ID = 145 with def = SLICE_STATS_V0 
[NEAR-RIC]: Loading SM ID = 143 with def = RLC_STATS_V0 
[iApp]: Initializing ... 
[iApp]: nearRT-RIC IP Address = 127.0.0.1, PORT = 36422
fd created with 6 
Received message with id = 411, port = 58511 
[E2AP] Received SETUP-REQUEST from PLMN   1. 1 Node ID 411 RAN type ngran_gNB
[NEAR-RIC]: Accepting RAN function ID 147 with def = `0ORAN-E2SM-KPM 
[NEAR-RIC]: Accepting interfaceType 0
[iApp]: E42 SETUP-REQUEST received
[iApp]: E42 SETUP-RESPONSE sent
[iApp]: E42 SETUP-REQUEST received
[iApp]: E42 SETUP-RESPONSE sent
[iApp]: SUBSCRIPTION-REQUEST xapp_ric_id->ric_id.ran_func_id 147  
[E2AP] SUBSCRIPTION REQUEST generated
[NEAR-RIC]: nb_id 411 port = 58511  
[iApp]: E42 SETUP-REQUEST received
[iApp]: E42 SETUP-RESPONSE sent
[iApp]: SUBSCRIPTION-REQUEST xapp_ric_id->ric_id.ran_func_id 148  
[E2AP] SUBSCRIPTION REQUEST generated
[NEAR-RIC]: nb_id 411 port = 58511  
nearRT-RIC: /home/oem/work/flexric/src/ric/msg_handler_ric.c:204: e2ap_handle_subscription_failure_ric: Assertion `0!=0 && "Not implemented"' failed.
Aborted (core dumped)
oem@oem-ThinkPad-L14-Gen-2:~/o-ran-e2$ sudo netstat -tulpn
[sudo] password for oem: 
Active Internet connections (only servers)
Proto Recv-Q Send-Q Local Address           Foreign Address         State       PID/Program name    
tcp        0      0 127.0.0.1:631           0.0.0.0:*               LISTEN      835/cupsd           
tcp        0      0 127.0.0.1:41249         0.0.0.0:*               LISTEN      845/containerd      
tcp        0      0 127.0.0.1:2001          0.0.0.0:*               LISTEN      88885/./srsue       
tcp        0      0 127.0.0.1:2000          0.0.0.0:*               LISTEN      88394/./gnb         
tcp        0      0 0.0.0.0:3000            0.0.0.0:*               LISTEN      10363/docker-proxy  
tcp        0      0 127.0.0.1:27017         0.0.0.0:*               LISTEN      2181/mongod         
tcp        0      0 127.0.0.53:53           0.0.0.0:*               LISTEN      702/systemd-resolve 
tcp6       0      0 :::3000                 :::*                    LISTEN      10370/docker-proxy  
tcp6       0      0 ::1:631                 :::*                    LISTEN      835/cupsd           
udp        0      0 127.0.0.53:53           0.0.0.0:*                           702/systemd-resolve 
udp        0      0 0.0.0.0:631             0.0.0.0:*                           2157/cups-browsed   
udp        0      0 10.53.1.1:2152          0.0.0.0:*                           88394/./gnb         
udp        0      0 0.0.0.0:52290           0.0.0.0:*                           747/avahi-daemon: r 
udp        0      0 0.0.0.0:5353            0.0.0.0:*                           747/avahi-daemon: r 
udp6       0      0 :::37286                :::*                                747/avahi-daemon: r 
udp6       0      0 :::5353                 :::*                                747/avahi-daemon: r 
oem@oem-ThinkPad-L14-Gen-2:~/o-ran-e2$ ./flexric/build/examples/ric/nearRT-RIC
Setting the config -c file to /usr/local/etc/flexric/flexric.conf
Setting path -p for the shared libraries to /usr/local/lib/flexric/
[NEAR-RIC]: nearRT-RIC IP Address = 127.0.0.1, PORT = 36421
[NEAR-RIC]: Initializing 
[NEAR-RIC]: Loading SM ID = 144 with def = PDCP_STATS_V0 
[NEAR-RIC]: Loading SM ID = 142 with def = MAC_STATS_V0 
[NEAR-RIC]: Loading SM ID = 147 with def = ORAN-E2SM-KPM 
[NEAR-RIC]: Loading SM ID = 146 with def = TC_STATS_V0 
[NEAR-RIC]: Loading SM ID = 148 with def = GTP_STATS_V0 
[NEAR-RIC]: Loading SM ID = 145 with def = SLICE_STATS_V0 
[NEAR-RIC]: Loading SM ID = 143 with def = RLC_STATS_V0 
[iApp]: Initializing ... 
[iApp]: nearRT-RIC IP Address = 127.0.0.1, PORT = 36422
fd created with 6 
nearRT-RIC: /home/oem/work/flexric/src/ric/iApp/map_ric_id.c:176: find_xapp_map_ric_id: Assertion `it != end && "Not found RIC Request ID"' failed.
Aborted (core dumped)
oem@oem-ThinkPad-L14-Gen-2:~/o-ran-e2$ sudo netstat -tulpn
Active Internet connections (only servers)
Proto Recv-Q Send-Q Local Address           Foreign Address         State       PID/Program name    
tcp        0      0 127.0.0.1:631           0.0.0.0:*               LISTEN      835/cupsd           
tcp        0      0 127.0.0.1:41249         0.0.0.0:*               LISTEN      845/containerd      
tcp        0      0 127.0.0.1:2001          0.0.0.0:*               LISTEN      88885/./srsue       
tcp        0      0 127.0.0.1:2000          0.0.0.0:*               LISTEN      88394/./gnb         
tcp        0      0 0.0.0.0:3000            0.0.0.0:*               LISTEN      10363/docker-proxy  
tcp        0      0 127.0.0.1:27017         0.0.0.0:*               LISTEN      2181/mongod         
tcp        0      0 127.0.0.53:53           0.0.0.0:*               LISTEN      702/systemd-resolve 
tcp6       0      0 :::3000                 :::*                    LISTEN      10370/docker-proxy  
tcp6       0      0 ::1:631                 :::*                    LISTEN      835/cupsd           
udp        0      0 127.0.0.53:53           0.0.0.0:*                           702/systemd-resolve 
udp        0      0 0.0.0.0:631             0.0.0.0:*                           2157/cups-browsed   
udp        0      0 10.53.1.1:2152          0.0.0.0:*                           88394/./gnb         
udp        0      0 0.0.0.0:52290           0.0.0.0:*                           747/avahi-daemon: r 
udp        0      0 0.0.0.0:5353            0.0.0.0:*                           747/avahi-daemon: r 
udp6       0      0 :::37286                :::*                                747/avahi-daemon: r 
udp6       0      0 :::5353                 :::*                                747/avahi-daemon: r 
oem@oem-ThinkPad-L14-Gen-2:~/o-ran-e2$ sudo kill -9c 88394
Terminated
oem@oem-ThinkPad-L14-Gen-2:~/o-ran-e2$ ./flexric/build/examples/ric/nearRT-RIC
Setting the config -c file to /usr/local/etc/flexric/flexric.conf
Setting path -p for the shared libraries to /usr/local/lib/flexric/
[NEAR-RIC]: nearRT-RIC IP Address = 127.0.0.1, PORT = 36421
[NEAR-RIC]: Initializing 
[NEAR-RIC]: Loading SM ID = 144 with def = PDCP_STATS_V0 
[NEAR-RIC]: Loading SM ID = 142 with def = MAC_STATS_V0 
[NEAR-RIC]: Loading SM ID = 147 with def = ORAN-E2SM-KPM 
[NEAR-RIC]: Loading SM ID = 146 with def = TC_STATS_V0 
[NEAR-RIC]: Loading SM ID = 148 with def = GTP_STATS_V0 
[NEAR-RIC]: Loading SM ID = 145 with def = SLICE_STATS_V0 
[NEAR-RIC]: Loading SM ID = 143 with def = RLC_STATS_V0 
[iApp]: Initializing ... 
[iApp]: nearRT-RIC IP Address = 127.0.0.1, PORT = 36422
fd created with 6 
nearRT-RIC: /home/oem/work/flexric/src/ric/iApp/map_ric_id.c:176: find_xapp_map_ric_id: Assertion `it != end && "Not found RIC Request ID"' failed.
Aborted (core dumped)
oem@oem-ThinkPad-L14-Gen-2:~/o-ran-e2$ sudo netstat -tulpn
Active Internet connections (only servers)
Proto Recv-Q Send-Q Local Address           Foreign Address         State       PID/Program name    
tcp        0      0 127.0.0.1:631           0.0.0.0:*               LISTEN      835/cupsd           
tcp        0      0 127.0.0.1:41249         0.0.0.0:*               LISTEN      845/containerd      
tcp        0      0 127.0.0.1:2001          0.0.0.0:*               LISTEN      88885/./srsue       
tcp        0      0 127.0.0.1:2000          0.0.0.0:*               LISTEN      88394/./gnb         
tcp        0      0 0.0.0.0:3000            0.0.0.0:*               LISTEN      10363/docker-proxy  
tcp        0      0 127.0.0.1:27017         0.0.0.0:*               LISTEN      2181/mongod         
tcp        0      0 127.0.0.53:53           0.0.0.0:*               LISTEN      702/systemd-resolve 
tcp6       0      0 :::3000                 :::*                    LISTEN      10370/docker-proxy  
tcp6       0      0 ::1:631                 :::*                    LISTEN      835/cupsd           
udp        0      0 127.0.0.53:53           0.0.0.0:*                           702/systemd-resolve 
udp        0      0 0.0.0.0:631             0.0.0.0:*                           2157/cups-browsed   
udp        0      0 10.53.1.1:2152          0.0.0.0:*                           88394/./gnb         
udp        0      0 0.0.0.0:52290           0.0.0.0:*                           747/avahi-daemon: r 
udp        0      0 0.0.0.0:5353            0.0.0.0:*                           747/avahi-daemon: r 
udp6       0      0 :::37286                :::*                                747/avahi-daemon: r 
udp6       0      0 :::5353                 :::*                                747/avahi-daemon: r 
oem@oem-ThinkPad-L14-Gen-2:~/o-ran-e2$ sudo kill -9 88394
oem@oem-ThinkPad-L14-Gen-2:~/o-ran-e2$ sudo netstat -tulpn
Active Internet connections (only servers)
Proto Recv-Q Send-Q Local Address           Foreign Address         State       PID/Program name    
tcp        0      0 127.0.0.1:631           0.0.0.0:*               LISTEN      835/cupsd           
tcp        0      0 127.0.0.1:41249         0.0.0.0:*               LISTEN      845/containerd      
tcp        0      0 127.0.0.1:2001          0.0.0.0:*               LISTEN      88885/./srsue       
tcp        0      0 0.0.0.0:3000            0.0.0.0:*               LISTEN      10363/docker-proxy  
tcp        0      0 127.0.0.1:27017         0.0.0.0:*               LISTEN      2181/mongod         
tcp        0      0 127.0.0.53:53           0.0.0.0:*               LISTEN      702/systemd-resolve 
tcp6       0      0 :::3000                 :::*                    LISTEN      10370/docker-proxy  
tcp6       0      0 ::1:631                 :::*                    LISTEN      835/cupsd           
udp        0      0 127.0.0.53:53           0.0.0.0:*                           702/systemd-resolve 
udp        0      0 0.0.0.0:631             0.0.0.0:*                           2157/cups-browsed   
udp        0      0 0.0.0.0:52290           0.0.0.0:*                           747/avahi-daemon: r 
udp        0      0 0.0.0.0:5353            0.0.0.0:*                           747/avahi-daemon: r 
udp6       0      0 :::37286                :::*                                747/avahi-daemon: r 
udp6       0      0 :::5353                 :::*                                747/avahi-daemon: r 
oem@oem-ThinkPad-L14-Gen-2:~/o-ran-e2$ sudo netstat -tulpn
Active Internet connections (only servers)
Proto Recv-Q Send-Q Local Address           Foreign Address         State       PID/Program name    
tcp        0      0 127.0.0.1:631           0.0.0.0:*               LISTEN      835/cupsd           
tcp        0      0 127.0.0.1:41249         0.0.0.0:*               LISTEN      845/containerd      
tcp        0      0 127.0.0.1:2001          0.0.0.0:*               LISTEN      88885/./srsue       
tcp        0      0 0.0.0.0:3000            0.0.0.0:*               LISTEN      10363/docker-proxy  
tcp        0      0 127.0.0.1:27017         0.0.0.0:*               LISTEN      2181/mongod         
tcp        0      0 127.0.0.53:53           0.0.0.0:*               LISTEN      702/systemd-resolve 
tcp6       0      0 :::3000                 :::*                    LISTEN      10370/docker-proxy  
tcp6       0      0 ::1:631                 :::*                    LISTEN      835/cupsd           
udp        0      0 127.0.0.53:53           0.0.0.0:*                           702/systemd-resolve 
udp        0      0 0.0.0.0:631             0.0.0.0:*                           2157/cups-browsed   
udp        0      0 0.0.0.0:52290           0.0.0.0:*                           747/avahi-daemon: r 
udp        0      0 0.0.0.0:5353            0.0.0.0:*                           747/avahi-daemon: r 
udp6       0      0 :::37286                :::*                                747/avahi-daemon: r 
udp6       0      0 :::5353                 :::*                                747/avahi-daemon: r 
oem@oem-ThinkPad-L14-Gen-2:~/o-ran-e2$ ./flexric/build/examples/ric/nearRT-RIC
Setting the config -c file to /usr/local/etc/flexric/flexric.conf
Setting path -p for the shared libraries to /usr/local/lib/flexric/
[NEAR-RIC]: nearRT-RIC IP Address = 127.0.0.1, PORT = 36421
[NEAR-RIC]: Initializing 
[NEAR-RIC]: Loading SM ID = 144 with def = PDCP_STATS_V0 
[NEAR-RIC]: Loading SM ID = 142 with def = MAC_STATS_V0 
[NEAR-RIC]: Loading SM ID = 147 with def = ORAN-E2SM-KPM 
[NEAR-RIC]: Loading SM ID = 146 with def = TC_STATS_V0 
[NEAR-RIC]: Loading SM ID = 148 with def = GTP_STATS_V0 
[NEAR-RIC]: Loading SM ID = 145 with def = SLICE_STATS_V0 
[NEAR-RIC]: Loading SM ID = 143 with def = RLC_STATS_V0 
[iApp]: Initializing ... 
[iApp]: nearRT-RIC IP Address = 127.0.0.1, PORT = 36422
fd created with 6 
Received message with id = 411, port = 7118 
[E2AP] Received SETUP-REQUEST from PLMN   1. 1 Node ID 411 RAN type ngran_gNB
[NEAR-RIC]: Accepting RAN function ID 147 with def = `0ORAN-E2SM-KPM 
[NEAR-RIC]: Accepting interfaceType 0
[iApp]: E42 SETUP-REQUEST received
[iApp]: E42 SETUP-RESPONSE sent
[iApp]: SUBSCRIPTION-REQUEST xapp_ric_id->ric_id.ran_func_id 148  
[E2AP] SUBSCRIPTION REQUEST generated
[NEAR-RIC]: nb_id 411 port = 7118  
nearRT-RIC: /home/oem/work/flexric/src/ric/msg_handler_ric.c:204: e2ap_handle_subscription_failure_ric: Assertion `0!=0 && "Not implemented"' failed.
Aborted (core dumped)
oem@oem-ThinkPad-L14-Gen-2:~/o-ran-e2$ 

